// Jest Snapshot v1, https://goo.gl/fbAQLP

exports[`Loot should correct render 1`] = `[Function]`;
